[2025-07-02 20:19:40] Fetching search results from URL: https://www.amazon.com/Best-Sellers-Health-Personal-Care/zgbs/hpc/
[2025-07-02 20:19:40] DEBUG: Checking proxy constants - HOST defined: YES, PORT defined: YES
[2025-07-02 20:19:40] Network detection: Current server IP: 192.157.119.203
[2025-07-02 20:19:40] Network detection: IP range check (192.157.119.203): YES
[2025-07-02 20:19:40] Network detection: Main IP (192.157.119.203): PUBLIC
[2025-07-02 20:19:40] Network detection: Identified as current network based on: ip_range
[2025-07-02 20:19:40] Network detection: Final result - On current network: YES (will use proxy)
[2025-07-02 20:19:40] Network detection result: On current network = YES, Will use proxy = YES
[2025-07-02 20:19:40] PROXY DECISION: USING PROXY for URL: https://www.amazon.com/Best-Sellers-Health-Personal-Care/zgbs/hpc/
[2025-07-02 20:19:40] PROXY EXECUTION: Using Decodo proxy: gate.decodo.com:7000
[2025-07-02 20:19:40] DEBUG PROXY AUTH: PS_DECODO_USER_BASE = 'user-sptlq8hpk0'
[2025-07-02 20:19:40] DEBUG PROXY AUTH: Country = 'us'
[2025-07-02 20:19:40] DEBUG PROXY AUTH: Constructed proxy username = 'user-sptlq8hpk0-country-us'
[2025-07-02 20:19:40] Using proxy authentication with user: user-sptlq8hpk0-country-us
[2025-07-02 20:19:40] CONFIRMED: Proxy username has correct country-specific format
[2025-07-02 20:19:43] Amazon response sample saved: /var/www/html/wp-content/plugins/primates-shoppers/logs/amazon_response_2025-07-02_20-19-43.html (Size: 111,521 bytes)
[2025-07-02 20:23:25] Network detection: Current server IP: 192.157.119.203
[2025-07-02 20:23:25] Network detection: IP range check (192.157.119.203): YES
[2025-07-02 20:23:25] Network detection: Main IP (192.157.119.203): PUBLIC
[2025-07-02 20:23:25] Network detection: Identified as current network based on: ip_range
[2025-07-02 20:23:25] Network detection: Final result - On current network: YES (will use proxy)
[2025-07-02 20:27:28] Fetching search results from URL: https://www.amazon.ca/s?k=laroche+body
[2025-07-02 20:27:28] DEBUG: Checking proxy constants - HOST defined: YES, PORT defined: YES
[2025-07-02 20:27:28] Network detection: Current server IP: 192.157.119.203
[2025-07-02 20:27:28] Network detection: IP range check (192.157.119.203): YES
[2025-07-02 20:27:28] Network detection: Main IP (192.157.119.203): PUBLIC
[2025-07-02 20:27:28] Network detection: Identified as current network based on: ip_range
[2025-07-02 20:27:28] Network detection: Final result - On current network: YES (will use proxy)
[2025-07-02 20:27:28] Network detection result: On current network = YES, Will use proxy = YES
[2025-07-02 20:27:28] PROXY DECISION: USING PROXY for URL: https://www.amazon.ca/s?k=laroche+body
[2025-07-02 20:27:28] PROXY EXECUTION: Using Decodo proxy: gate.decodo.com:7000
[2025-07-02 20:27:28] DEBUG PROXY AUTH: PS_DECODO_USER_BASE = 'user-sptlq8hpk0'
[2025-07-02 20:27:28] DEBUG PROXY AUTH: Country = 'ca'
[2025-07-02 20:27:28] DEBUG PROXY AUTH: Constructed proxy username = 'user-sptlq8hpk0-country-ca'
[2025-07-02 20:27:28] Using proxy authentication with user: user-sptlq8hpk0-country-ca
[2025-07-02 20:27:28] CONFIRMED: Proxy username has correct country-specific format
[2025-07-02 20:27:31] Amazon response sample saved: /var/www/html/wp-content/plugins/primates-shoppers/logs/amazon_response_2025-07-02_20-27-31.html (Size: 1,576,286 bytes)
[2025-07-02 20:28:49] Fetching search results from URL: https://www.amazon.com/s?k=Laroche+body
[2025-07-02 20:28:49] DEBUG: Checking proxy constants - HOST defined: YES, PORT defined: YES
[2025-07-02 20:28:49] Network detection: Current server IP: 207.23.204.114
[2025-07-02 20:28:49] Network detection: IP range check (192.157.119.203): NO
[2025-07-02 20:28:49] Network detection: Main IP (207.23.204.114): PUBLIC
[2025-07-02 20:28:49] Network detection: Final result - On current network: NO (will NOT use proxy)
[2025-07-02 20:28:49] Network detection result: On current network = NO, Will use proxy = NO
[2025-07-02 20:28:49] PROXY DECISION: DIRECT REQUEST for URL: https://www.amazon.com/s?k=Laroche+body
[2025-07-02 20:28:49] PROXY EXECUTION: Making direct request to Amazon (no proxy)
[2025-07-02 20:28:50] HTTP Error: 503
[2025-07-02 20:28:56] Fetching search results from URL: https://www.amazon.ca/s?k=Laroche+body
[2025-07-02 20:28:56] DEBUG: Checking proxy constants - HOST defined: YES, PORT defined: YES
[2025-07-02 20:28:56] Network detection: Current server IP: 207.23.204.114
[2025-07-02 20:28:56] Network detection: IP range check (192.157.119.203): NO
[2025-07-02 20:28:56] Network detection: Main IP (207.23.204.114): PUBLIC
[2025-07-02 20:28:56] Network detection: Final result - On current network: NO (will NOT use proxy)
[2025-07-02 20:28:56] Network detection result: On current network = NO, Will use proxy = NO
[2025-07-02 20:28:56] PROXY DECISION: DIRECT REQUEST for URL: https://www.amazon.ca/s?k=Laroche+body
[2025-07-02 20:28:56] PROXY EXECUTION: Making direct request to Amazon (no proxy)
[2025-07-02 20:28:57] Amazon response sample saved: /var/www/html/wp-content/plugins/primates-shoppers/logs/amazon_response_2025-07-02_20-28-57.html (Size: 5,094 bytes)
[2025-07-02 20:32:25] Fetching search results from URL: https://www.amazon.ca/s?k=roche+body
[2025-07-02 20:32:25] DEBUG: Checking proxy constants - HOST defined: YES, PORT defined: YES
[2025-07-02 20:32:25] Network detection: Current server IP: 192.157.119.203
[2025-07-02 20:32:25] Network detection: IP range check (192.157.119.203): YES
[2025-07-02 20:32:25] Network detection: Main IP (192.157.119.203): PUBLIC
[2025-07-02 20:32:25] Network detection: Identified as current network based on: ip_range
[2025-07-02 20:32:25] Network detection: Final result - On current network: YES (will use proxy)
[2025-07-02 20:32:25] Network detection result: On current network = YES, Will use proxy = YES
[2025-07-02 20:32:25] PROXY DECISION: USING PROXY for URL: https://www.amazon.ca/s?k=roche+body
[2025-07-02 20:32:25] PROXY EXECUTION: Using Decodo proxy: gate.decodo.com:7000
[2025-07-02 20:32:25] DEBUG PROXY AUTH: PS_DECODO_USER_BASE = 'user-sptlq8hpk0'
[2025-07-02 20:32:25] DEBUG PROXY AUTH: Country = 'ca'
[2025-07-02 20:32:25] DEBUG PROXY AUTH: Constructed proxy username = 'user-sptlq8hpk0-country-ca'
[2025-07-02 20:32:25] Using proxy authentication with user: user-sptlq8hpk0-country-ca
[2025-07-02 20:32:25] CONFIRMED: Proxy username has correct country-specific format
[2025-07-02 20:32:26] Amazon response sample saved: /var/www/html/wp-content/plugins/primates-shoppers/logs/amazon_response_2025-07-02_20-32-26.html (Size: 1,515,008 bytes)
[2025-07-02 20:32:26] Network detection: Current server IP: 192.157.119.203
[2025-07-02 20:32:26] Network detection: IP range check (192.157.119.203): YES
[2025-07-02 20:32:26] Network detection: Main IP (192.157.119.203): PUBLIC
[2025-07-02 20:32:26] Network detection: Identified as current network based on: ip_range
[2025-07-02 20:32:26] Network detection: Final result - On current network: YES (will use proxy)
[2025-07-02 20:33:09] Fetching search results from URL: https://www.amazon.ca/s?k=roche+body&page=2
[2025-07-02 20:33:09] DEBUG: Checking proxy constants - HOST defined: YES, PORT defined: YES
[2025-07-02 20:33:09] Network detection: Current server IP: 192.157.119.203
[2025-07-02 20:33:09] Network detection: IP range check (192.157.119.203): YES
[2025-07-02 20:33:09] Network detection: Main IP (192.157.119.203): PUBLIC
[2025-07-02 20:33:09] Network detection: Identified as current network based on: ip_range
[2025-07-02 20:33:09] Network detection: Final result - On current network: YES (will use proxy)
[2025-07-02 20:33:09] Network detection result: On current network = YES, Will use proxy = YES
[2025-07-02 20:33:09] PROXY DECISION: USING PROXY for URL: https://www.amazon.ca/s?k=roche+body&page=2
[2025-07-02 20:33:09] PROXY EXECUTION: Using Decodo proxy: gate.decodo.com:7000
[2025-07-02 20:33:09] DEBUG PROXY AUTH: PS_DECODO_USER_BASE = 'user-sptlq8hpk0'
[2025-07-02 20:33:09] DEBUG PROXY AUTH: Country = 'ca'
[2025-07-02 20:33:09] DEBUG PROXY AUTH: Constructed proxy username = 'user-sptlq8hpk0-country-ca'
[2025-07-02 20:33:09] Using proxy authentication with user: user-sptlq8hpk0-country-ca
[2025-07-02 20:33:09] CONFIRMED: Proxy username has correct country-specific format
[2025-07-02 20:33:10] Amazon response sample saved: /var/www/html/wp-content/plugins/primates-shoppers/logs/amazon_response_2025-07-02_20-33-10.html (Size: 1,552,327 bytes)
[2025-07-02 20:33:10] Network detection: Current server IP: 192.157.119.203
[2025-07-02 20:33:10] Network detection: IP range check (192.157.119.203): YES
[2025-07-02 20:33:10] Network detection: Main IP (192.157.119.203): PUBLIC
[2025-07-02 20:33:10] Network detection: Identified as current network based on: ip_range
[2025-07-02 20:33:10] Network detection: Final result - On current network: YES (will use proxy)
[2025-07-02 20:34:16] Fetching search results from URL: https://www.amazon.ca/s?k=Laroche+body
[2025-07-02 20:34:16] DEBUG: Checking proxy constants - HOST defined: YES, PORT defined: YES
[2025-07-02 20:34:16] Network detection: Current server IP: 207.23.204.114
[2025-07-02 20:34:16] Network detection: IP range check (192.157.119.203): NO
[2025-07-02 20:34:16] Network detection: Main IP (207.23.204.114): PUBLIC
[2025-07-02 20:34:16] Network detection: Final result - On current network: NO (will NOT use proxy)
[2025-07-02 20:34:16] Network detection result: On current network = NO, Will use proxy = NO
[2025-07-02 20:34:16] PROXY DECISION: DIRECT REQUEST for URL: https://www.amazon.ca/s?k=Laroche+body
[2025-07-02 20:34:16] PROXY EXECUTION: Making direct request to Amazon (no proxy)
[2025-07-02 20:34:16] HTTP Error: 503
[2025-07-02 20:34:23] Fetching search results from URL: https://www.amazon.com/s?k=Laroche+body
[2025-07-02 20:34:23] DEBUG: Checking proxy constants - HOST defined: YES, PORT defined: YES
[2025-07-02 20:34:23] Network detection: Current server IP: 207.23.204.114
[2025-07-02 20:34:23] Network detection: IP range check (192.157.119.203): NO
[2025-07-02 20:34:23] Network detection: Main IP (207.23.204.114): PUBLIC
[2025-07-02 20:34:23] Network detection: Final result - On current network: NO (will NOT use proxy)
[2025-07-02 20:34:23] Network detection result: On current network = NO, Will use proxy = NO
[2025-07-02 20:34:23] PROXY DECISION: DIRECT REQUEST for URL: https://www.amazon.com/s?k=Laroche+body
[2025-07-02 20:34:23] PROXY EXECUTION: Making direct request to Amazon (no proxy)
[2025-07-02 20:34:23] HTTP Error: 503
[2025-07-02 20:34:42] Fetching search results from URL: https://www.amazon.ca/s?k=Roche+body
[2025-07-02 20:34:42] DEBUG: Checking proxy constants - HOST defined: YES, PORT defined: YES
[2025-07-02 20:34:42] Network detection: Current server IP: 207.23.204.114
[2025-07-02 20:34:42] Network detection: IP range check (192.157.119.203): NO
[2025-07-02 20:34:42] Network detection: Main IP (207.23.204.114): PUBLIC
[2025-07-02 20:34:42] Network detection: Final result - On current network: NO (will NOT use proxy)
[2025-07-02 20:34:42] Network detection result: On current network = NO, Will use proxy = NO
[2025-07-02 20:34:42] PROXY DECISION: DIRECT REQUEST for URL: https://www.amazon.ca/s?k=Roche+body
[2025-07-02 20:34:42] PROXY EXECUTION: Making direct request to Amazon (no proxy)
[2025-07-02 20:34:42] HTTP Error: 503
[2025-07-02 20:35:25] Fetching search results from URL: https://www.amazon.ca/s?k=Roche+body
[2025-07-02 20:35:25] DEBUG: Checking proxy constants - HOST defined: YES, PORT defined: YES
[2025-07-02 20:35:25] Network detection: Current server IP: 72.143.233.169
[2025-07-02 20:35:25] Network detection: IP range check (192.157.119.203): NO
[2025-07-02 20:35:25] Network detection: Main IP (72.143.233.169): PUBLIC
[2025-07-02 20:35:25] Network detection: Final result - On current network: NO (will NOT use proxy)
[2025-07-02 20:35:25] Network detection result: On current network = NO, Will use proxy = NO
[2025-07-02 20:35:25] PROXY DECISION: DIRECT REQUEST for URL: https://www.amazon.ca/s?k=Roche+body
[2025-07-02 20:35:25] PROXY EXECUTION: Making direct request to Amazon (no proxy)
[2025-07-02 20:35:25] Amazon response sample saved: /var/www/html/wp-content/plugins/primates-shoppers/logs/amazon_response_2025-07-02_20-35-25.html (Size: 5,092 bytes)
[2025-07-02 20:36:24] Fetching search results from URL: https://www.amazon.ca/s?k=roche+body
[2025-07-02 20:36:24] DEBUG: Checking proxy constants - HOST defined: YES, PORT defined: YES
[2025-07-02 20:36:24] Network detection: Current server IP: 142.58.138.206
[2025-07-02 20:36:24] Network detection: IP range check (192.157.119.203): NO
[2025-07-02 20:36:24] Network detection: Main IP (142.58.138.206): PUBLIC
[2025-07-02 20:36:24] Network detection: Final result - On current network: NO (will NOT use proxy)
[2025-07-02 20:36:24] Network detection result: On current network = NO, Will use proxy = NO
[2025-07-02 20:36:24] PROXY DECISION: DIRECT REQUEST for URL: https://www.amazon.ca/s?k=roche+body
[2025-07-02 20:36:24] PROXY EXECUTION: Making direct request to Amazon (no proxy)
[2025-07-02 20:36:25] HTTP Error: 503
[2025-07-02 20:36:34] Fetching search results from URL: https://www.amazon.com/s?k=roche+body
[2025-07-02 20:36:34] DEBUG: Checking proxy constants - HOST defined: YES, PORT defined: YES
[2025-07-02 20:36:34] Network detection: Current server IP: 142.58.138.206
[2025-07-02 20:36:34] Network detection: IP range check (192.157.119.203): NO
[2025-07-02 20:36:34] Network detection: Main IP (142.58.138.206): PUBLIC
[2025-07-02 20:36:34] Network detection: Final result - On current network: NO (will NOT use proxy)
[2025-07-02 20:36:34] Network detection result: On current network = NO, Will use proxy = NO
[2025-07-02 20:36:34] PROXY DECISION: DIRECT REQUEST for URL: https://www.amazon.com/s?k=roche+body
[2025-07-02 20:36:34] PROXY EXECUTION: Making direct request to Amazon (no proxy)
[2025-07-02 20:36:34] HTTP Error: 503
[2025-07-02 20:41:17] Fetching search results from URL: https://www.amazon.ca/s?k=Roche+body
[2025-07-02 20:41:17] DEBUG: Checking proxy constants - HOST defined: YES, PORT defined: YES
[2025-07-02 20:41:17] Network detection: Current server IP: 72.143.234.73
[2025-07-02 20:41:17] Network detection: IP range check (192.157.119.203): NO
[2025-07-02 20:41:17] Network detection: Main IP (72.143.234.73): PUBLIC
[2025-07-02 20:41:17] Network detection: Final result - On current network: NO (will NOT use proxy)
[2025-07-02 20:41:17] Network detection result: On current network = NO, Will use proxy = NO
[2025-07-02 20:41:17] PROXY DECISION: DIRECT REQUEST for URL: https://www.amazon.ca/s?k=Roche+body
[2025-07-02 20:41:17] PROXY EXECUTION: Making direct request to Amazon (no proxy)
[2025-07-02 20:41:17] HTTP Error: 503
[2025-07-02 21:03:49] Fetching search results from URL: https://www.amazon.ca/s?k=roche+body
[2025-07-02 21:03:49] DEBUG: Checking proxy constants - HOST defined: YES, PORT defined: YES
[2025-07-02 21:03:49] Network detection: Current server IP: 192.157.119.203
[2025-07-02 21:03:49] Network detection: IP range check (192.157.119.203): YES
[2025-07-02 21:03:49] Network detection: Main IP (192.157.119.203): PUBLIC
[2025-07-02 21:03:49] Network detection: Identified as current network based on: ip_range
[2025-07-02 21:03:49] Network detection: Final result - On current network: YES (will use proxy)
[2025-07-02 21:03:49] Network detection result: On current network = YES, Will use proxy = YES
[2025-07-02 21:03:49] PROXY DECISION: USING PROXY for URL: https://www.amazon.ca/s?k=roche+body
[2025-07-02 21:03:49] PROXY EXECUTION: Using Decodo proxy: gate.decodo.com:7000
[2025-07-02 21:03:49] DEBUG PROXY AUTH: PS_DECODO_USER_BASE = 'user-sptlq8hpk0'
[2025-07-02 21:03:49] DEBUG PROXY AUTH: Country = 'ca'
[2025-07-02 21:03:49] DEBUG PROXY AUTH: Constructed proxy username = 'user-sptlq8hpk0-country-ca'
[2025-07-02 21:03:49] Using proxy authentication with user: user-sptlq8hpk0-country-ca
[2025-07-02 21:03:49] CONFIRMED: Proxy username has correct country-specific format
[2025-07-02 21:03:51] Amazon response sample saved: /var/www/html/wp-content/plugins/primates-shoppers/logs/amazon_response_2025-07-02_21-03-51.html (Size: 1,655,776 bytes)
[2025-07-02 21:04:20] Fetching search results from URL: https://www.amazon.ca/s?k=Roche+body
[2025-07-02 21:04:20] DEBUG: Checking proxy constants - HOST defined: YES, PORT defined: YES
[2025-07-02 21:04:20] Network detection: Current server IP: 72.143.234.73
[2025-07-02 21:04:20] Network detection: IP range check (192.157.119.203): NO
[2025-07-02 21:04:20] Network detection: Main IP (72.143.234.73): PUBLIC
[2025-07-02 21:04:20] Network detection: Final result - On current network: NO (will NOT use proxy)
[2025-07-02 21:04:20] Network detection result: On current network = NO, Will use proxy = NO
[2025-07-02 21:04:20] PROXY DECISION: DIRECT REQUEST for URL: https://www.amazon.ca/s?k=Roche+body
[2025-07-02 21:04:20] PROXY EXECUTION: Making direct request to Amazon (no proxy)
[2025-07-02 21:04:21] HTTP Error: 503
[2025-07-02 21:04:21] Failed to fetch Amazon search results for query: 'Roche body' page 1 - HTTP 503
[2025-07-02 21:04:21] Network detection: Current server IP: 72.143.234.73
[2025-07-02 21:04:21] Network detection: IP range check (192.157.119.203): NO
[2025-07-02 21:04:21] Network detection: Main IP (72.143.234.73): PUBLIC
[2025-07-02 21:04:21] Network detection: Final result - On current network: NO (will NOT use proxy)
[2025-07-02 21:04:21] FALLBACK: External IP got blocked (HTTP 503), retrying with proxy for cost-effective unblocking
[2025-07-02 21:04:21] Fetching search results from URL: https://www.amazon.ca/s?k=Roche+body
[2025-07-02 21:04:21] DEBUG: Checking proxy constants - HOST defined: YES, PORT defined: YES
[2025-07-02 21:04:21] Network detection: Current server IP: 72.143.234.73
[2025-07-02 21:04:21] Network detection: IP range check (192.157.119.203): NO
[2025-07-02 21:04:21] Network detection: Main IP (72.143.234.73): PUBLIC
[2025-07-02 21:04:21] Network detection: Final result - On current network: NO (will NOT use proxy)
[2025-07-02 21:04:21] PROXY FALLBACK: Forcing proxy usage due to previous blocking
[2025-07-02 21:04:21] Network detection result: On current network = NO, Will use proxy = YES
[2025-07-02 21:04:21] PROXY DECISION: USING PROXY for URL: https://www.amazon.ca/s?k=Roche+body
[2025-07-02 21:04:21] PROXY EXECUTION: Using Decodo proxy: gate.decodo.com:7000
[2025-07-02 21:04:21] DEBUG PROXY AUTH: PS_DECODO_USER_BASE = 'user-sptlq8hpk0'
[2025-07-02 21:04:21] DEBUG PROXY AUTH: Country = 'ca'
[2025-07-02 21:04:21] DEBUG PROXY AUTH: Constructed proxy username = 'user-sptlq8hpk0-country-ca'
[2025-07-02 21:04:21] Using proxy authentication with user: user-sptlq8hpk0-country-ca
[2025-07-02 21:04:21] CONFIRMED: Proxy username has correct country-specific format
[2025-07-02 21:04:22] Amazon response sample saved: /var/www/html/wp-content/plugins/primates-shoppers/logs/amazon_response_2025-07-02_21-04-22.html (Size: 1,622,663 bytes)
[2025-07-02 21:04:22] FALLBACK SUCCESS: Proxy retry worked, continuing with results
[2025-07-02 21:05:10] Fetching search results from URL: https://www.amazon.ca/s?k=roche+body&page=2
[2025-07-02 21:05:10] DEBUG: Checking proxy constants - HOST defined: YES, PORT defined: YES
[2025-07-02 21:05:10] Network detection: Current server IP: 192.157.119.203
[2025-07-02 21:05:10] Network detection: IP range check (192.157.119.203): YES
[2025-07-02 21:05:10] Network detection: Main IP (192.157.119.203): PUBLIC
[2025-07-02 21:05:10] Network detection: Identified as current network based on: ip_range
[2025-07-02 21:05:10] Network detection: Final result - On current network: YES (will use proxy)
[2025-07-02 21:05:10] Network detection result: On current network = YES, Will use proxy = YES
[2025-07-02 21:05:10] PROXY DECISION: USING PROXY for URL: https://www.amazon.ca/s?k=roche+body&page=2
[2025-07-02 21:05:10] PROXY EXECUTION: Using Decodo proxy: gate.decodo.com:7000
[2025-07-02 21:05:10] DEBUG PROXY AUTH: PS_DECODO_USER_BASE = 'user-sptlq8hpk0'
[2025-07-02 21:05:10] DEBUG PROXY AUTH: Country = 'ca'
[2025-07-02 21:05:10] DEBUG PROXY AUTH: Constructed proxy username = 'user-sptlq8hpk0-country-ca'
[2025-07-02 21:05:10] Using proxy authentication with user: user-sptlq8hpk0-country-ca
[2025-07-02 21:05:10] CONFIRMED: Proxy username has correct country-specific format
[2025-07-02 21:05:12] Amazon response sample saved: /var/www/html/wp-content/plugins/primates-shoppers/logs/amazon_response_2025-07-02_21-05-12.html (Size: 1,691,377 bytes)
[2025-07-02 21:05:21] Fetching search results from URL: https://www.amazon.ca/s?k=roche+body&page=3
[2025-07-02 21:05:21] DEBUG: Checking proxy constants - HOST defined: YES, PORT defined: YES
[2025-07-02 21:05:21] Network detection: Current server IP: 192.157.119.203
[2025-07-02 21:05:21] Network detection: IP range check (192.157.119.203): YES
[2025-07-02 21:05:21] Network detection: Main IP (192.157.119.203): PUBLIC
[2025-07-02 21:05:21] Network detection: Identified as current network based on: ip_range
[2025-07-02 21:05:21] Network detection: Final result - On current network: YES (will use proxy)
[2025-07-02 21:05:21] Network detection result: On current network = YES, Will use proxy = YES
[2025-07-02 21:05:21] PROXY DECISION: USING PROXY for URL: https://www.amazon.ca/s?k=roche+body&page=3
[2025-07-02 21:05:21] PROXY EXECUTION: Using Decodo proxy: gate.decodo.com:7000
[2025-07-02 21:05:21] DEBUG PROXY AUTH: PS_DECODO_USER_BASE = 'user-sptlq8hpk0'
[2025-07-02 21:05:21] DEBUG PROXY AUTH: Country = 'ca'
[2025-07-02 21:05:21] DEBUG PROXY AUTH: Constructed proxy username = 'user-sptlq8hpk0-country-ca'
[2025-07-02 21:05:21] Using proxy authentication with user: user-sptlq8hpk0-country-ca
[2025-07-02 21:05:21] CONFIRMED: Proxy username has correct country-specific format
[2025-07-02 21:05:23] Amazon response sample saved: /var/www/html/wp-content/plugins/primates-shoppers/logs/amazon_response_2025-07-02_21-05-23.html (Size: 1,213,001 bytes)
[2025-07-02 21:18:22] Fetching search results from URL: https://www.amazon.ca/s?k=roche+body
[2025-07-02 21:18:22] DEBUG: Checking proxy constants - HOST defined: YES, PORT defined: YES
[2025-07-02 21:18:22] Network detection: Current server IP: 192.157.119.203
[2025-07-02 21:18:22] Network detection: IP range check (192.157.119.203): YES
[2025-07-02 21:18:22] Network detection: Main IP (192.157.119.203): PUBLIC
[2025-07-02 21:18:22] Network detection: Identified as current network based on: ip_range
[2025-07-02 21:18:22] Network detection: Final result - On current network: YES (will use proxy)
[2025-07-02 21:18:22] Network detection result: On current network = YES, Will use proxy = YES
[2025-07-02 21:18:22] PROXY DECISION: USING PROXY for URL: https://www.amazon.ca/s?k=roche+body
[2025-07-02 21:18:22] PROXY EXECUTION: Using Decodo proxy: gate.decodo.com:7000
[2025-07-02 21:18:22] DEBUG PROXY AUTH: PS_DECODO_USER_BASE = 'user-sptlq8hpk0'
[2025-07-02 21:18:22] DEBUG PROXY AUTH: Country = 'ca'
[2025-07-02 21:18:22] DEBUG PROXY AUTH: Constructed proxy username = 'user-sptlq8hpk0-country-ca'
[2025-07-02 21:18:22] Using proxy authentication with user: user-sptlq8hpk0-country-ca
[2025-07-02 21:18:22] CONFIRMED: Proxy username has correct country-specific format
[2025-07-02 21:18:24] Amazon response sample saved: /var/www/html/wp-content/plugins/primates-shoppers/logs/amazon_response_2025-07-02_21-18-24.html (Size: 1,644,522 bytes)
[2025-07-02 21:18:24] Network detection: Current server IP: 192.157.119.203
[2025-07-02 21:18:24] Network detection: IP range check (192.157.119.203): YES
[2025-07-02 21:18:24] Network detection: Main IP (192.157.119.203): PUBLIC
[2025-07-02 21:18:24] Network detection: Identified as current network based on: ip_range
[2025-07-02 21:18:24] Network detection: Final result - On current network: YES (will use proxy)
[2025-07-02 21:19:13] Fetching search results from URL: https://www.amazon.ca/s?k=roche+body&page=2
[2025-07-02 21:19:13] DEBUG: Checking proxy constants - HOST defined: YES, PORT defined: YES
[2025-07-02 21:19:13] Network detection: Current server IP: 192.157.119.203
[2025-07-02 21:19:13] Network detection: IP range check (192.157.119.203): YES
[2025-07-02 21:19:13] Network detection: Main IP (192.157.119.203): PUBLIC
[2025-07-02 21:19:13] Network detection: Identified as current network based on: ip_range
[2025-07-02 21:19:13] Network detection: Final result - On current network: YES (will use proxy)
[2025-07-02 21:19:13] Network detection result: On current network = YES, Will use proxy = YES
[2025-07-02 21:19:13] PROXY DECISION: USING PROXY for URL: https://www.amazon.ca/s?k=roche+body&page=2
[2025-07-02 21:19:13] PROXY EXECUTION: Using Decodo proxy: gate.decodo.com:7000
[2025-07-02 21:19:13] DEBUG PROXY AUTH: PS_DECODO_USER_BASE = 'user-sptlq8hpk0'
[2025-07-02 21:19:13] DEBUG PROXY AUTH: Country = 'ca'
[2025-07-02 21:19:13] DEBUG PROXY AUTH: Constructed proxy username = 'user-sptlq8hpk0-country-ca'
[2025-07-02 21:19:13] Using proxy authentication with user: user-sptlq8hpk0-country-ca
[2025-07-02 21:19:13] CONFIRMED: Proxy username has correct country-specific format
[2025-07-02 21:19:14] Amazon response sample saved: /var/www/html/wp-content/plugins/primates-shoppers/logs/amazon_response_2025-07-02_21-19-14.html (Size: 1,584,506 bytes)
[2025-07-02 21:19:15] Network detection: Current server IP: 192.157.119.203
[2025-07-02 21:19:15] Network detection: IP range check (192.157.119.203): YES
[2025-07-02 21:19:15] Network detection: Main IP (192.157.119.203): PUBLIC
[2025-07-02 21:19:15] Network detection: Identified as current network based on: ip_range
[2025-07-02 21:19:15] Network detection: Final result - On current network: YES (will use proxy)
[2025-07-04 00:39:48] Fetching search results from URL: https://www.amazon.ca/s?k=roche+body
[2025-07-04 00:39:48] DEBUG: Checking proxy constants - HOST defined: YES, PORT defined: YES
[2025-07-04 00:39:48] Network detection: Current server IP: 192.157.119.203
[2025-07-04 00:39:48] Network detection: IP range check (192.157.119.203): YES
[2025-07-04 00:39:48] Network detection: Main IP (192.157.119.203): PUBLIC
[2025-07-04 00:39:48] Network detection: Identified as current network based on: ip_range
[2025-07-04 00:39:48] Network detection: Final result - On current network: YES (will use proxy)
[2025-07-04 00:39:48] Network detection result: On current network = YES, Will use proxy = YES
[2025-07-04 00:39:48] PROXY DECISION: USING PROXY for URL: https://www.amazon.ca/s?k=roche+body
[2025-07-04 00:39:48] PROXY EXECUTION: Using Decodo proxy: gate.decodo.com:7000
[2025-07-04 00:39:48] DEBUG PROXY AUTH: PS_DECODO_USER_BASE = 'user-sptlq8hpk0'
[2025-07-04 00:39:48] DEBUG PROXY AUTH: Country = 'ca'
[2025-07-04 00:39:48] DEBUG PROXY AUTH: Constructed proxy username = 'user-sptlq8hpk0-country-ca'
[2025-07-04 00:39:48] Using proxy authentication with user: user-sptlq8hpk0-country-ca
[2025-07-04 00:39:48] CONFIRMED: Proxy username has correct country-specific format
[2025-07-04 00:39:49] Amazon response sample saved: /var/www/html/wp-content/plugins/primates-shoppers/logs/amazon_response_2025-07-04_00-39-49.html (Size: 1,652,753 bytes)
[2025-07-04 00:39:50] Network detection: Current server IP: 192.157.119.203
[2025-07-04 00:39:50] Network detection: IP range check (192.157.119.203): YES
[2025-07-04 00:39:50] Network detection: Main IP (192.157.119.203): PUBLIC
[2025-07-04 00:39:50] Network detection: Identified as current network based on: ip_range
[2025-07-04 00:39:50] Network detection: Final result - On current network: YES (will use proxy)
[2025-07-04 16:32:06] Fetching search results from URL: https://www.amazon.ca/s?k=roche+body
[2025-07-04 16:32:06] DEBUG: Checking proxy constants - HOST defined: YES, PORT defined: YES
[2025-07-04 16:32:06] Network detection: Current server IP: 192.157.119.203
[2025-07-04 16:32:06] Network detection: IP range check (192.157.119.203): YES
[2025-07-04 16:32:06] Network detection: Main IP (192.157.119.203): PUBLIC
[2025-07-04 16:32:06] Network detection: Identified as current network based on: ip_range
[2025-07-04 16:32:06] Network detection: Final result - On current network: YES (will use proxy)
[2025-07-04 16:32:06] Network detection result: On current network = YES, Will use proxy = YES
[2025-07-04 16:32:06] PROXY DECISION: USING PROXY for URL: https://www.amazon.ca/s?k=roche+body
[2025-07-04 16:32:06] PROXY EXECUTION: Using Decodo proxy: gate.decodo.com:7000
[2025-07-04 16:32:06] DEBUG PROXY AUTH: PS_DECODO_USER_BASE = 'user-sptlq8hpk0'
[2025-07-04 16:32:06] DEBUG PROXY AUTH: Country = 'ca'
[2025-07-04 16:32:06] DEBUG PROXY AUTH: Constructed proxy username = 'user-sptlq8hpk0-country-ca'
[2025-07-04 16:32:06] Using proxy authentication with user: user-sptlq8hpk0-country-ca
[2025-07-04 16:32:06] CONFIRMED: Proxy username has correct country-specific format
[2025-07-04 16:32:08] Amazon response sample saved: /var/www/html/wp-content/plugins/primates-shoppers/logs/amazon_response_2025-07-04_16-32-08.html (Size: 1,647,999 bytes)
[2025-07-04 16:32:08] Network detection: Current server IP: 192.157.119.203
[2025-07-04 16:32:08] Network detection: IP range check (192.157.119.203): YES
[2025-07-04 16:32:08] Network detection: Main IP (192.157.119.203): PUBLIC
[2025-07-04 16:32:08] Network detection: Identified as current network based on: ip_range
[2025-07-04 16:32:08] Network detection: Final result - On current network: YES (will use proxy)
[2025-07-04 16:43:11] Fetching search results from URL: https://www.amazon.ca/s?k=Roche+body
[2025-07-04 16:43:11] DEBUG: Checking proxy constants - HOST defined: YES, PORT defined: YES
[2025-07-04 16:43:11] Network detection: Current server IP: 192.157.119.203
[2025-07-04 16:43:11] Network detection: IP range check (192.157.119.203): YES
[2025-07-04 16:43:11] Network detection: Main IP (192.157.119.203): PUBLIC
[2025-07-04 16:43:11] Network detection: Identified as current network based on: ip_range
[2025-07-04 16:43:11] Network detection: Final result - On current network: YES (will use proxy)
[2025-07-04 16:43:11] Network detection result: On current network = YES, Will use proxy = YES
[2025-07-04 16:43:11] PROXY DECISION: USING PROXY for URL: https://www.amazon.ca/s?k=Roche+body
[2025-07-04 16:43:11] PROXY EXECUTION: Using Decodo proxy: gate.decodo.com:7000
[2025-07-04 16:43:11] DEBUG PROXY AUTH: PS_DECODO_USER_BASE = 'user-sptlq8hpk0'
[2025-07-04 16:43:11] DEBUG PROXY AUTH: Country = 'ca'
[2025-07-04 16:43:11] DEBUG PROXY AUTH: Constructed proxy username = 'user-sptlq8hpk0-country-ca'
[2025-07-04 16:43:11] Using proxy authentication with user: user-sptlq8hpk0-country-ca
[2025-07-04 16:43:11] CONFIRMED: Proxy username has correct country-specific format
[2025-07-04 16:43:13] Amazon response sample saved: /var/www/html/wp-content/plugins/primates-shoppers/logs/amazon_response_2025-07-04_16-43-13.html (Size: 1,632,045 bytes)
[2025-07-04 16:43:13] Network detection: Current server IP: 192.157.119.203
[2025-07-04 16:43:13] Network detection: IP range check (192.157.119.203): YES
[2025-07-04 16:43:13] Network detection: Main IP (192.157.119.203): PUBLIC
[2025-07-04 16:43:13] Network detection: Identified as current network based on: ip_range
[2025-07-04 16:43:13] Network detection: Final result - On current network: YES (will use proxy)
[2025-07-04 19:50:51] Fetching search results from URL: https://www.amazon.ca/s?k=roche+body
[2025-07-04 19:50:51] DEBUG: Checking proxy constants - HOST defined: YES, PORT defined: YES
[2025-07-04 19:50:51] Network detection: Current server IP: 192.157.119.203
[2025-07-04 19:50:51] Network detection: IP range check (192.157.119.203): YES
[2025-07-04 19:50:51] Network detection: Main IP (192.157.119.203): PUBLIC
[2025-07-04 19:50:51] Network detection: Identified as current network based on: ip_range
[2025-07-04 19:50:51] Network detection: Final result - On current network: YES (will use proxy)
[2025-07-04 19:50:51] Network detection result: On current network = YES, Will use proxy = YES
[2025-07-04 19:50:51] PROXY DECISION: USING PROXY for URL: https://www.amazon.ca/s?k=roche+body
[2025-07-04 19:50:51] PROXY EXECUTION: Using Decodo proxy: gate.decodo.com:7000
[2025-07-04 19:50:51] DEBUG PROXY AUTH: PS_DECODO_USER_BASE = 'user-sptlq8hpk0'
[2025-07-04 19:50:51] DEBUG PROXY AUTH: Country = 'ca'
[2025-07-04 19:50:51] DEBUG PROXY AUTH: Constructed proxy username = 'user-sptlq8hpk0-country-ca'
[2025-07-04 19:50:51] Using proxy authentication with user: user-sptlq8hpk0-country-ca
[2025-07-04 19:50:51] CONFIRMED: Proxy username has correct country-specific format
[2025-07-04 19:50:54] Amazon response sample saved: /var/www/html/wp-content/plugins/primates-shoppers/logs/amazon_response_2025-07-04_19-50-54.html (Size: 1,666,150 bytes)
[2025-07-04 19:50:54] Network detection: Current server IP: 192.157.119.203
[2025-07-04 19:50:54] Network detection: IP range check (192.157.119.203): YES
[2025-07-04 19:50:54] Network detection: Main IP (192.157.119.203): PUBLIC
[2025-07-04 19:50:54] Network detection: Identified as current network based on: ip_range
[2025-07-04 19:50:54] Network detection: Final result - On current network: YES (will use proxy)
[2025-07-04 20:00:36] Fetching search results from URL: https://www.amazon.ca/s?k=roche+body
[2025-07-04 20:00:36] DEBUG: Checking proxy constants - HOST defined: YES, PORT defined: YES
[2025-07-04 20:00:36] Network detection: Current server IP: 192.157.119.203
[2025-07-04 20:00:36] Network detection: IP range check (192.157.119.203): YES
[2025-07-04 20:00:36] Network detection: Main IP (192.157.119.203): PUBLIC
[2025-07-04 20:00:36] Network detection: Identified as current network based on: ip_range
[2025-07-04 20:00:36] Network detection: Final result - On current network: YES (will use proxy)
[2025-07-04 20:00:36] Network detection result: On current network = YES, Will use proxy = YES
[2025-07-04 20:00:36] PROXY DECISION: USING PROXY for URL: https://www.amazon.ca/s?k=roche+body
[2025-07-04 20:00:36] PROXY EXECUTION: Using Decodo proxy: gate.decodo.com:7000
[2025-07-04 20:00:36] DEBUG PROXY AUTH: PS_DECODO_USER_BASE = 'user-sptlq8hpk0'
[2025-07-04 20:00:36] DEBUG PROXY AUTH: Country = 'ca'
[2025-07-04 20:00:36] DEBUG PROXY AUTH: Constructed proxy username = 'user-sptlq8hpk0-country-ca'
[2025-07-04 20:00:36] Using proxy authentication with user: user-sptlq8hpk0-country-ca
[2025-07-04 20:00:36] CONFIRMED: Proxy username has correct country-specific format
[2025-07-04 20:00:40] Amazon response sample saved: /var/www/html/wp-content/plugins/primates-shoppers/logs/amazon_response_2025-07-04_20-00-40.html (Size: 1,628,270 bytes)
[2025-07-04 20:00:40] Network detection: Current server IP: 192.157.119.203
[2025-07-04 20:00:40] Network detection: IP range check (192.157.119.203): YES
[2025-07-04 20:00:40] Network detection: Main IP (192.157.119.203): PUBLIC
[2025-07-04 20:00:40] Network detection: Identified as current network based on: ip_range
[2025-07-04 20:00:40] Network detection: Final result - On current network: YES (will use proxy)
[2025-07-04 20:33:52] Fetching search results from URL: https://www.amazon.ca/s?k=roche+body
[2025-07-04 20:33:52] DEBUG: Checking proxy constants - HOST defined: YES, PORT defined: YES
[2025-07-04 20:33:52] Network detection: Current server IP: 192.157.119.203
[2025-07-04 20:33:52] Network detection: IP range check (192.157.119.203): YES
[2025-07-04 20:33:52] Network detection: Main IP (192.157.119.203): PUBLIC
[2025-07-04 20:33:52] Network detection: Identified as current network based on: ip_range
[2025-07-04 20:33:52] Network detection: Final result - On current network: YES (will use proxy)
[2025-07-04 20:33:52] Network detection result: On current network = YES, Will use proxy = YES
[2025-07-04 20:33:52] PROXY DECISION: USING PROXY for URL: https://www.amazon.ca/s?k=roche+body
[2025-07-04 20:33:52] PROXY EXECUTION: Using Decodo proxy: gate.decodo.com:7000
[2025-07-04 20:33:52] DEBUG PROXY AUTH: PS_DECODO_USER_BASE = 'user-sptlq8hpk0'
[2025-07-04 20:33:52] DEBUG PROXY AUTH: Country = 'ca'
[2025-07-04 20:33:52] DEBUG PROXY AUTH: Constructed proxy username = 'user-sptlq8hpk0-country-ca'
[2025-07-04 20:33:52] Using proxy authentication with user: user-sptlq8hpk0-country-ca
[2025-07-04 20:33:52] CONFIRMED: Proxy username has correct country-specific format
[2025-07-04 20:33:54] Amazon response sample saved: /var/www/html/wp-content/plugins/primates-shoppers/logs/amazon_response_2025-07-04_20-33-54.html (Size: 1,610,396 bytes)
[2025-07-04 20:33:54] Network detection: Current server IP: 192.157.119.203
[2025-07-04 20:33:54] Network detection: IP range check (192.157.119.203): YES
[2025-07-04 20:33:54] Network detection: Main IP (192.157.119.203): PUBLIC
[2025-07-04 20:33:54] Network detection: Identified as current network based on: ip_range
[2025-07-04 20:33:54] Network detection: Final result - On current network: YES (will use proxy)
[2025-07-04 20:49:22] Fetching search results from URL: https://www.amazon.ca/s?k=roche+body
[2025-07-04 20:49:22] DEBUG: Checking proxy constants - HOST defined: YES, PORT defined: YES
[2025-07-04 20:49:22] Network detection: Current server IP: 192.157.119.203
[2025-07-04 20:49:22] Network detection: IP range check (192.157.119.203): YES
[2025-07-04 20:49:22] Network detection: Main IP (192.157.119.203): PUBLIC
[2025-07-04 20:49:22] Network detection: Identified as current network based on: ip_range
[2025-07-04 20:49:22] Network detection: Final result - On current network: YES (will use proxy)
[2025-07-04 20:49:22] Network detection result: On current network = YES, Will use proxy = YES
[2025-07-04 20:49:22] PROXY DECISION: USING PROXY for URL: https://www.amazon.ca/s?k=roche+body
[2025-07-04 20:49:22] PROXY EXECUTION: Using Decodo proxy: gate.decodo.com:7000
[2025-07-04 20:49:22] DEBUG PROXY AUTH: PS_DECODO_USER_BASE = 'user-sptlq8hpk0'
[2025-07-04 20:49:22] DEBUG PROXY AUTH: Country = 'ca'
[2025-07-04 20:49:22] DEBUG PROXY AUTH: Constructed proxy username = 'user-sptlq8hpk0-country-ca'
[2025-07-04 20:49:22] Using proxy authentication with user: user-sptlq8hpk0-country-ca
[2025-07-04 20:49:22] CONFIRMED: Proxy username has correct country-specific format
[2025-07-04 20:49:23] Amazon response sample saved: /var/www/html/wp-content/plugins/primates-shoppers/logs/amazon_response_2025-07-04_20-49-23.html (Size: 1,631,999 bytes)
[2025-07-04 20:49:23] Network detection: Current server IP: 192.157.119.203
[2025-07-04 20:49:23] Network detection: IP range check (192.157.119.203): YES
[2025-07-04 20:49:23] Network detection: Main IP (192.157.119.203): PUBLIC
[2025-07-04 20:49:23] Network detection: Identified as current network based on: ip_range
[2025-07-04 20:49:23] Network detection: Final result - On current network: YES (will use proxy)
[2025-07-04 21:01:01] Network detection: Current server IP: 192.157.119.203
[2025-07-04 21:01:01] Network detection: IP range check (192.157.119.203): YES
[2025-07-04 21:01:01] Network detection: Main IP (192.157.119.203): PUBLIC
[2025-07-04 21:01:01] Network detection: Identified as current network based on: ip_range
[2025-07-04 21:01:01] Network detection: Final result - On current network: YES (will use proxy)
[2025-07-04 21:20:17] Fetching search results from URL: https://www.amazon.ca/s?k=roche+body
[2025-07-04 21:20:17] DEBUG: Checking proxy constants - HOST defined: YES, PORT defined: YES
[2025-07-04 21:20:17] Network detection: Current server IP: 192.157.119.203
[2025-07-04 21:20:17] Network detection: IP range check (192.157.119.203): YES
[2025-07-04 21:20:17] Network detection: Main IP (192.157.119.203): PUBLIC
[2025-07-04 21:20:17] Network detection: Identified as current network based on: ip_range
[2025-07-04 21:20:17] Network detection: Final result - On current network: YES (will use proxy)
[2025-07-04 21:20:17] Network detection result: On current network = YES, Will use proxy = YES
[2025-07-04 21:20:17] PROXY DECISION: USING PROXY for URL: https://www.amazon.ca/s?k=roche+body
[2025-07-04 21:20:17] PROXY EXECUTION: Using Decodo proxy: gate.decodo.com:7000
[2025-07-04 21:20:17] DEBUG PROXY AUTH: PS_DECODO_USER_BASE = 'user-sptlq8hpk0'
[2025-07-04 21:20:17] DEBUG PROXY AUTH: Country = 'ca'
[2025-07-04 21:20:17] DEBUG PROXY AUTH: Constructed proxy username = 'user-sptlq8hpk0-country-ca'
[2025-07-04 21:20:17] Using proxy authentication with user: user-sptlq8hpk0-country-ca
[2025-07-04 21:20:17] CONFIRMED: Proxy username has correct country-specific format
[2025-07-04 21:20:19] Amazon response sample saved: /var/www/html/wp-content/plugins/primates-shoppers/logs/amazon_response_2025-07-04_21-20-19.html (Size: 1,650,040 bytes)
[2025-07-04 21:20:19] Network detection: Current server IP: 192.157.119.203
[2025-07-04 21:20:19] Network detection: IP range check (192.157.119.203): YES
[2025-07-04 21:20:19] Network detection: Main IP (192.157.119.203): PUBLIC
[2025-07-04 21:20:19] Network detection: Identified as current network based on: ip_range
[2025-07-04 21:20:19] Network detection: Final result - On current network: YES (will use proxy)
[2025-07-04 22:54:18] Network detection: Current server IP: 192.157.119.203
[2025-07-04 22:54:18] Network detection: IP range check (192.157.119.203): YES
[2025-07-04 22:54:18] Network detection: Main IP (192.157.119.203): PUBLIC
[2025-07-04 22:54:18] Network detection: Identified as current network based on: ip_range
[2025-07-04 22:54:18] Network detection: Final result - On current network: YES (will use proxy)
[2025-07-04 23:01:37] Network detection: Current server IP: 192.157.119.203
[2025-07-04 23:01:37] Network detection: IP range check (192.157.119.203): YES
[2025-07-04 23:01:37] Network detection: Main IP (192.157.119.203): PUBLIC
[2025-07-04 23:01:37] Network detection: Identified as current network based on: ip_range
[2025-07-04 23:01:37] Network detection: Final result - On current network: YES (will use proxy)
[2025-07-04 23:01:59] Network detection: Current server IP: 192.157.119.203
[2025-07-04 23:01:59] Network detection: IP range check (192.157.119.203): YES
[2025-07-04 23:01:59] Network detection: Main IP (192.157.119.203): PUBLIC
[2025-07-04 23:01:59] Network detection: Identified as current network based on: ip_range
[2025-07-04 23:01:59] Network detection: Final result - On current network: YES (will use proxy)
[2025-07-04 23:09:24] Network detection: Current server IP: 192.157.119.203
[2025-07-04 23:09:24] Network detection: IP range check (192.157.119.203): YES
[2025-07-04 23:09:24] Network detection: Main IP (192.157.119.203): PUBLIC
[2025-07-04 23:09:24] Network detection: Identified as current network based on: ip_range
[2025-07-04 23:09:24] Network detection: Final result - On current network: YES (will use proxy)
[2025-07-05 03:48:46] Network detection: Current server IP: 192.157.119.203
[2025-07-05 03:48:46] Network detection: IP range check (192.157.119.203): YES
[2025-07-05 03:48:46] Network detection: Main IP (192.157.119.203): PUBLIC
[2025-07-05 03:48:46] Network detection: Identified as current network based on: ip_range
[2025-07-05 03:48:46] Network detection: Final result - On current network: YES (will use proxy)
[2025-07-05 04:15:07] Fetching search results from URL: https://www.amazon.ca/s?k=roche+body
[2025-07-05 04:15:07] DEBUG: Checking proxy constants - HOST defined: YES, PORT defined: YES
[2025-07-05 04:15:07] Network detection: Current server IP: 192.157.119.203
[2025-07-05 04:15:07] Network detection: IP range check (192.157.119.203): YES
[2025-07-05 04:15:07] Network detection: Main IP (192.157.119.203): PUBLIC
[2025-07-05 04:15:07] Network detection: Identified as current network based on: ip_range
[2025-07-05 04:15:07] Network detection: Final result - On current network: YES (will use proxy)
[2025-07-05 04:15:07] Network detection result: On current network = YES, Will use proxy = YES
[2025-07-05 04:15:07] PROXY DECISION: USING PROXY for URL: https://www.amazon.ca/s?k=roche+body
[2025-07-05 04:15:07] PROXY EXECUTION: Using Decodo proxy: gate.decodo.com:7000
[2025-07-05 04:15:07] DEBUG PROXY AUTH: PS_DECODO_USER_BASE = 'user-sptlq8hpk0'
[2025-07-05 04:15:07] DEBUG PROXY AUTH: Country = 'ca'
[2025-07-05 04:15:07] DEBUG PROXY AUTH: Constructed proxy username = 'user-sptlq8hpk0-country-ca'
[2025-07-05 04:15:07] Using proxy authentication with user: user-sptlq8hpk0-country-ca
[2025-07-05 04:15:07] CONFIRMED: Proxy username has correct country-specific format
[2025-07-05 04:15:09] Amazon response sample saved: /var/www/html/wp-content/plugins/primates-shoppers/logs/amazon_response_2025-07-05_04-15-09.html (Size: 1,623,938 bytes)
[2025-07-05 04:15:09] Network detection: Current server IP: 192.157.119.203
[2025-07-05 04:15:09] Network detection: IP range check (192.157.119.203): YES
[2025-07-05 04:15:09] Network detection: Main IP (192.157.119.203): PUBLIC
[2025-07-05 04:15:09] Network detection: Identified as current network based on: ip_range
[2025-07-05 04:15:09] Network detection: Final result - On current network: YES (will use proxy)
[2025-07-07 19:53:22] Fetching search results from URL: https://www.amazon.ca/s?k=Camping+mattress
[2025-07-07 19:53:22] DEBUG: Checking proxy constants - HOST defined: YES, PORT defined: YES
[2025-07-07 19:53:22] Network detection: Current server IP: 192.157.119.203
[2025-07-07 19:53:22] Network detection: IP range check (192.157.119.203): YES
[2025-07-07 19:53:22] Network detection: Main IP (192.157.119.203): PUBLIC
[2025-07-07 19:53:22] Network detection: Identified as current network based on: ip_range
[2025-07-07 19:53:22] Network detection: Final result - On current network: YES (will use proxy)
[2025-07-07 19:53:22] Network detection result: On current network = YES, Will use proxy = YES
[2025-07-07 19:53:22] PROXY DECISION: USING PROXY for URL: https://www.amazon.ca/s?k=Camping+mattress
[2025-07-07 19:53:22] PROXY EXECUTION: Using Decodo proxy: gate.decodo.com:7000
[2025-07-07 19:53:22] DEBUG PROXY AUTH: PS_DECODO_USER_BASE = 'user-sptlq8hpk0'
[2025-07-07 19:53:22] DEBUG PROXY AUTH: Country = 'ca'
[2025-07-07 19:53:22] DEBUG PROXY AUTH: Constructed proxy username = 'user-sptlq8hpk0-country-ca'
[2025-07-07 19:53:22] Using proxy authentication with user: user-sptlq8hpk0-country-ca
[2025-07-07 19:53:22] CONFIRMED: Proxy username has correct country-specific format
[2025-07-07 19:53:26] Amazon response sample saved: /var/www/html/wp-content/plugins/primates-shoppers/logs/amazon_response_2025-07-07_19-53-26.html (Size: 1,489,370 bytes)
[2025-07-07 19:53:26] Network detection: Current server IP: 192.157.119.203
[2025-07-07 19:53:26] Network detection: IP range check (192.157.119.203): YES
[2025-07-07 19:53:26] Network detection: Main IP (192.157.119.203): PUBLIC
[2025-07-07 19:53:26] Network detection: Identified as current network based on: ip_range
[2025-07-07 19:53:26] Network detection: Final result - On current network: YES (will use proxy)
